mode: set
ash/ash.go:49.13,51.2 1 1
ash/ash.go:54.55,55.19 1 1
ash/ash.go:55.19,58.3 2 1
ash/ash.go:60.2,60.26 1 1
ash/ash.go:60.26,62.3 1 1
ash/ash.go:64.2,64.45 1 1
ash/ash.go:64.45,67.3 2 0
ash/ash.go:69.2,72.88 3 1
ash/ash.go:72.88,74.3 1 1
ash/ash.go:76.2,77.16 2 1
ash/ash.go:77.16,80.3 2 1
ash/ash.go:82.2,83.21 2 1
ash/ash.go:83.21,86.3 2 1
ash/ash.go:88.2,89.16 2 1
ash/ash.go:89.16,92.3 2 1
ash/ash.go:93.2,96.16 3 1
ash/ash.go:96.16,99.3 2 1
ash/ash.go:101.2,102.16 2 1
ash/ash.go:102.16,105.3 2 1
ash/ash.go:107.2,108.16 2 1
ash/ash.go:108.16,111.3 2 0
ash/ash.go:112.2,131.16 16 1
ash/ash.go:131.16,133.39 2 1
ash/ash.go:133.39,136.4 2 0
ash/ash.go:137.3,137.47 1 1
ash/ash.go:137.47,140.4 2 0
ash/ash.go:141.3,142.33 2 1
ash/ash.go:142.33,143.32 1 1
ash/ash.go:144.39,146.13 2 1
ash/ash.go:147.40,149.13 2 1
ash/ash.go:152.3,153.11 2 1
ash/ash.go:156.2,163.58 6 1
ash/ash.go:163.58,165.3 1 1
ash/ash.go:167.2,167.10 1 1
ash/ash.go:171.30,174.2 2 1
ash/chat.go:41.41,43.2 1 1
ash/chat.go:114.41,115.36 1 0
ash/chat.go:115.36,117.3 1 0
ash/chat.go:118.2,119.34 2 0
ash/chat.go:123.43,124.38 1 0
ash/chat.go:124.38,126.3 1 0
ash/chat.go:127.2,128.36 2 0
ash/chat.go:132.114,141.16 3 1
ash/chat.go:141.16,143.3 1 0
ash/chat.go:144.2,150.51 6 1
ash/chat.go:150.51,152.17 2 1
ash/chat.go:152.17,154.4 1 0
ash/chat.go:155.3,156.32 2 1
ash/chat.go:156.32,158.4 1 1
ash/chat.go:160.3,162.17 3 1
ash/chat.go:162.17,163.51 1 1
ash/chat.go:163.51,165.5 1 1
ash/chat.go:166.4,167.92 2 1
ash/chat.go:167.92,169.5 1 0
ash/chat.go:170.4,170.12 1 1
ash/chat.go:172.3,175.17 3 1
ash/chat.go:175.17,177.4 1 0
ash/chat.go:178.3,180.53 2 1
ash/chat.go:180.53,182.66 2 1
ash/chat.go:182.66,184.5 1 1
ash/chat.go:185.4,186.92 2 1
ash/chat.go:186.92,188.5 1 0
ash/chat.go:189.4,189.12 1 1
ash/chat.go:192.3,193.55 2 1
ash/chat.go:193.55,195.4 1 1
ash/chat.go:197.3,197.25 1 1
ash/chat.go:197.25,198.72 1 1
ash/chat.go:198.72,200.5 1 1
ash/chat.go:201.4,202.92 2 0
ash/chat.go:202.92,204.5 1 0
ash/chat.go:205.4,205.12 1 0
ash/chat.go:208.3,208.21 1 1
ash/chat.go:211.2,211.70 1 0
ash/chat.go:214.67,215.28 1 1
ash/chat.go:215.28,217.3 1 1
ash/chat.go:218.2,218.16 1 1
ash/chat.go:218.16,220.3 1 0
ash/chat.go:221.2,222.267 2 1
ash/chat.go:225.71,226.28 1 1
ash/chat.go:226.28,228.3 1 1
ash/chat.go:229.2,229.20 1 1
ash/chat.go:230.195,231.14 1 1
ash/chat.go:232.10,233.15 1 1
ash/chat.go:237.71,238.31 1 1
ash/chat.go:238.31,240.3 1 1
ash/chat.go:241.2,242.28 2 1
ash/chat.go:242.28,244.3 1 0
ash/chat.go:245.2,245.14 1 1
ash/chat.go:248.71,249.16 1 1
ash/chat.go:249.16,251.3 1 1
ash/chat.go:252.2,252.9 1 1
ash/chat.go:253.20,254.19 1 0
ash/chat.go:255.27,256.13 1 1
ash/config.go:34.47,35.64 1 1
ash/config.go:35.64,37.3 1 1
ash/config.go:39.2,40.23 2 1
ash/config.go:40.23,42.3 1 1
ash/config.go:44.2,45.17 2 1
ash/config.go:45.17,47.3 1 1
ash/config.go:49.2,50.16 2 1
ash/config.go:50.16,52.3 1 0
ash/config.go:54.2,56.39 3 1
ash/config.go:56.39,58.3 1 1
ash/config.go:59.2,59.44 1 1
ash/config.go:59.44,61.3 1 1
ash/config.go:62.2,62.45 1 1
ash/config.go:62.45,64.3 1 0
ash/config.go:66.2,66.25 1 1
ash/config.go:66.25,67.24 1 1
ash/config.go:67.24,69.4 1 1
ash/config.go:70.3,70.46 1 1
ash/config.go:70.46,72.4 1 1
ash/config.go:75.2,80.26 2 1
ash/config.go:80.26,82.3 1 1
ash/config.go:84.2,84.17 1 1
ash/config.go:88.92,90.16 2 1
ash/config.go:90.16,92.3 1 0
ash/config.go:94.2,95.43 2 1
ash/config.go:95.43,97.3 1 0
ash/config.go:98.2,99.16 2 1
ash/config.go:99.16,101.3 1 0
ash/config.go:102.2,102.80 1 1
ash/config.go:102.80,104.3 1 0
ash/config.go:106.2,108.35 3 1
ash/config.go:112.38,114.22 2 1
ash/config.go:114.22,116.3 1 1
ash/config.go:117.2,118.15 2 1
ash/config.go:118.15,120.3 1 1
ash/config.go:121.2,121.25 1 1
ash/config.go:125.41,126.48 1 1
ash/config.go:126.48,128.60 2 1
ash/config.go:128.60,130.4 1 1
ash/config.go:130.9,130.45 1 1
ash/config.go:130.45,132.4 1 1
ash/config.go:135.2,136.16 2 1
ash/config.go:136.16,138.3 1 1
ash/config.go:140.2,141.53 2 1
ash/config.go:141.53,143.3 1 1
ash/config.go:143.8,143.44 1 1
ash/config.go:143.44,145.3 1 1
ash/config.go:147.2,148.16 2 1
ash/config.go:148.16,150.3 1 1
ash/config.go:152.2,153.54 2 1
ash/config.go:153.54,155.3 1 1
ash/config.go:155.8,155.44 1 1
ash/config.go:155.44,157.3 1 0
ash/config.go:159.2,159.16 1 1
ash/config.go:163.61,164.74 1 1
ash/config.go:164.74,166.3 1 1
ash/config.go:168.2,168.48 1 1
ash/config.go:168.48,170.60 2 1
ash/config.go:170.60,172.4 1 1
ash/config.go:172.9,172.45 1 1
ash/config.go:172.45,174.4 1 0
ash/config.go:177.2,178.16 2 1
ash/config.go:178.16,180.3 1 0
ash/config.go:182.2,183.53 2 1
ash/config.go:183.53,185.3 1 1
ash/config.go:185.8,185.44 1 1
ash/config.go:185.44,187.3 1 0
ash/config.go:189.2,190.16 2 1
ash/config.go:190.16,192.3 1 0
ash/config.go:194.2,195.54 2 1
ash/config.go:195.54,197.3 1 0
ash/config.go:197.8,197.44 1 1
ash/config.go:197.44,199.3 1 0
ash/config.go:201.2,201.35 1 1
ash/config.go:205.56,207.47 2 1
ash/config.go:207.47,209.17 2 1
ash/config.go:209.17,210.12 1 0
ash/config.go:212.3,212.25 1 1
ash/config.go:214.2,214.12 1 1
ash/config.go:218.57,220.48 2 1
ash/config.go:220.48,222.55 2 1
ash/config.go:222.55,223.12 1 1
ash/config.go:225.3,225.53 1 1
ash/config.go:225.53,227.18 2 1
ash/config.go:227.18,228.13 1 0
ash/config.go:230.4,230.26 1 1
ash/config.go:233.2,233.12 1 1
ash/config.go:237.45,239.53 2 1
ash/config.go:239.53,241.3 1 0
ash/config.go:242.2,242.16 1 1
ash/config.go:246.47,248.49 2 1
ash/config.go:248.49,249.66 1 1
ash/config.go:249.66,251.4 1 1
ash/config.go:254.2,254.51 1 1
ash/config.go:254.51,255.41 1 1
ash/config.go:255.41,257.4 1 1
ash/config.go:258.3,258.24 1 1
ash/config.go:263.25,264.71 1 1
ash/config.go:264.71,265.65 1 1
ash/config.go:265.65,267.4 1 1
ash/config.go:270.2,270.26 1 1
ash/config.go:274.32,275.66 1 1
ash/config.go:275.66,276.71 1 1
ash/config.go:276.71,278.4 1 1
ash/config.go:281.2,281.25 1 1
ash/config.go:285.29,286.78 1 1
ash/config.go:286.78,287.65 1 1
ash/config.go:287.65,289.4 1 1
ash/config.go:291.2,291.32 1 1
ash/config.go:295.37,296.76 1 1
ash/config.go:296.76,297.72 1 1
ash/config.go:297.72,299.4 1 1
ash/config.go:301.2,301.30 1 1
ash/config.go:305.36,306.75 1 1
ash/config.go:306.75,307.72 1 1
ash/config.go:307.72,309.4 1 1
ash/config.go:311.2,311.29 1 1
ash/config.go:315.34,316.72 1 1
ash/config.go:316.72,317.71 1 0
ash/config.go:317.71,319.4 1 0
ash/config.go:321.2,321.27 1 1
ash/config.go:325.28,326.75 1 1
ash/config.go:326.75,327.65 1 0
ash/config.go:327.65,329.4 1 0
ash/config.go:331.2,331.29 1 1
ash/config.go:335.30,336.74 1 1
ash/config.go:336.74,337.66 1 1
ash/config.go:337.66,339.4 1 1
ash/config.go:341.2,341.28 1 0
ash/config.go:345.64,346.26 1 1
ash/config.go:346.26,348.3 1 1
ash/config.go:350.2,350.64 1 1
ash/config.go:354.24,355.68 1 1
ash/config.go:355.68,356.65 1 0
ash/config.go:356.65,358.4 1 0
ash/config.go:360.2,360.23 1 1
ash/config.go:364.28,365.76 1 1
ash/config.go:365.76,366.65 1 0
ash/config.go:366.65,368.4 1 0
ash/config.go:370.2,370.28 1 1
ash/config.go:374.31,375.77 1 1
ash/config.go:375.77,376.65 1 0
ash/config.go:376.65,378.4 1 0
ash/config.go:380.2,380.27 1 1
ash/install.go:36.62,38.16 2 1
ash/install.go:38.16,42.3 3 0
ash/install.go:44.2,44.21 1 1
ash/install.go:44.21,46.22 2 0
ash/install.go:46.22,48.4 1 0
ash/install.go:51.2,52.16 2 1
ash/install.go:52.16,55.3 2 0
ash/install.go:57.2,58.17 2 1
ash/install.go:58.17,61.3 2 0
ash/install.go:62.2,62.77 1 1
ash/install.go:62.77,65.3 2 0
ash/install.go:66.2,66.77 1 1
ash/install.go:66.77,69.3 2 0
ash/install.go:71.2,72.16 2 1
ash/install.go:72.16,75.3 2 0
ash/install.go:77.2,78.21 2 1
ash/install.go:78.21,79.67 1 1
ash/install.go:79.67,80.53 1 1
ash/install.go:80.53,83.5 2 0
ash/install.go:84.4,84.75 1 1
ash/install.go:84.75,87.5 2 0
ash/install.go:88.4,90.12 3 1
ash/install.go:93.3,94.16 2 1
ash/install.go:94.16,97.4 2 0
ash/install.go:99.3,99.13 1 1
ash/install.go:99.13,102.39 3 0
ash/install.go:102.39,104.5 1 0
ash/install.go:105.4,105.12 1 0
ash/install.go:108.3,108.69 1 1
ash/install.go:108.69,111.4 2 0
ash/install.go:112.3,112.52 1 1
ash/install.go:112.52,115.4 2 0
ash/install.go:116.3,116.74 1 1
ash/install.go:116.74,119.4 2 0
ash/install.go:121.3,124.11 4 1
ash/install.go:127.2,128.12 2 1
ash/install.go:128.12,131.38 3 1
ash/install.go:131.38,133.4 1 1
ash/install.go:134.3,134.11 1 1
ash/install.go:137.2,137.68 1 1
ash/install.go:137.68,140.3 2 0
ash/install.go:141.2,141.51 1 1
ash/install.go:141.51,144.3 2 0
ash/install.go:145.2,145.73 1 1
ash/install.go:145.73,148.3 2 0
ash/install.go:150.2,153.10 4 1
ash/install.go:157.76,158.12 1 1
ash/install.go:158.12,160.3 1 0
ash/install.go:162.2,163.16 2 1
ash/install.go:163.16,165.3 1 0
ash/install.go:166.2,166.51 1 1
ash/install.go:166.51,168.3 1 1
ash/install.go:170.2,172.16 3 0
ash/install.go:172.16,174.3 1 0
ash/install.go:175.2,175.22 1 0
ash/install.go:175.22,177.3 1 0
ash/install.go:179.2,180.16 2 0
ash/install.go:180.16,182.3 1 0
ash/install.go:183.2,183.62 1 0
ash/install.go:183.62,185.3 1 0
ash/install.go:187.2,187.85 1 0
ash/install.go:187.85,189.3 1 0
ash/install.go:190.2,191.12 2 0
ash/install.go:195.48,196.35 1 1
ash/install.go:196.35,198.3 1 1
ash/install.go:200.2,201.16 2 1
ash/install.go:201.16,203.3 1 0
ash/install.go:205.2,205.41 1 1
ash/install.go:205.41,207.3 1 1
ash/install.go:207.8,207.43 1 1
ash/install.go:207.43,209.3 1 1
ash/install.go:209.8,211.3 1 0
ash/install.go:215.41,217.20 2 1
ash/install.go:217.20,219.3 1 1
ash/install.go:221.2,222.17 2 1
ash/install.go:222.17,224.3 1 0
ash/install.go:226.2,227.16 2 1
ash/install.go:227.16,229.3 1 0
ash/install.go:231.2,231.26 1 1
ash/install.go:231.26,233.3 1 1
ash/install.go:235.2,237.48 3 1
ash/install.go:241.36,242.19 1 0
ash/install.go:242.19,244.3 1 0
ash/install.go:245.2,246.16 2 0
ash/install.go:246.16,248.3 1 0
ash/install.go:249.2,250.16 2 0
ash/install.go:250.16,252.3 1 0
ash/install.go:253.2,253.96 1 0
ash/install.go:257.25,258.100 1 0
ash/install.go:258.100,259.46 1 0
ash/install.go:259.46,261.4 1 0
ash/install.go:263.2,263.14 1 0
ash/install.go:267.39,269.16 2 1
ash/install.go:269.16,271.3 1 0
ash/install.go:272.2,272.45 1 1
ash/install.go:276.104,279.16 3 0
ash/install.go:279.16,281.3 1 0
ash/install.go:282.2,283.16 2 0
ash/install.go:283.16,285.3 1 0
ash/install.go:287.2,288.16 2 0
ash/install.go:288.16,290.3 1 0
ash/install.go:291.2,295.11 4 0
ash/install.go:295.11,298.17 3 0
ash/install.go:298.17,300.4 1 0
ash/install.go:301.3,301.77 1 0
ash/install.go:302.8,304.23 2 0
ash/install.go:304.23,306.4 1 0
ash/install.go:307.3,307.26 1 0
ash/install.go:307.26,310.4 2 0
ash/install.go:313.2,317.20 2 0
ash/install.go:317.20,319.3 1 0
ash/install.go:320.2,320.21 1 0
ash/install.go:320.21,322.3 1 0
ash/install.go:323.2,323.20 1 0
ash/install.go:327.88,329.48 2 0
ash/install.go:329.48,331.3 1 0
ash/install.go:333.2,333.6 1 0
ash/install.go:333.6,336.17 3 0
ash/install.go:336.17,338.4 1 0
ash/install.go:339.3,340.18 2 0
ash/install.go:340.18,341.12 1 0
ash/install.go:343.3,343.58 1 0
ash/install.go:343.58,344.54 1 0
ash/install.go:344.54,346.5 1 0
ash/install.go:348.3,348.67 1 0
ash/install.go:348.67,350.4 1 0
ash/install.go:351.3,351.86 1 0
ash/install.go:356.89,357.6 1 0
ash/install.go:357.6,360.17 3 0
ash/install.go:360.17,362.4 1 0
ash/install.go:363.3,364.18 2 0
ash/install.go:364.18,366.4 1 0
ash/install.go:371.89,374.16 3 0
ash/install.go:374.16,376.3 1 0
ash/install.go:377.2,377.37 1 0
ash/install.go:381.58,383.26 2 0
ash/install.go:383.26,385.3 1 0
ash/install.go:386.2,390.27 4 0
ash/install.go:390.27,392.3 1 0
ash/install.go:393.2,393.19 1 0
ash/install.go:397.39,398.58 1 1
ash/install.go:398.58,400.3 1 0
ash/install.go:401.2,401.56 1 1
ash/install.go:401.56,403.3 1 0
ash/install.go:404.2,404.12 1 1
ash/install.go:408.46,410.16 2 1
ash/install.go:410.16,412.3 1 0
ash/install.go:413.2,413.48 1 1
ash/install.go:413.48,415.3 1 0
ash/install.go:417.2,418.16 2 1
ash/install.go:418.16,420.3 1 0
ash/install.go:422.2,422.63 1 1
ash/install.go:422.63,425.41 3 1
ash/install.go:425.41,426.12 1 0
ash/install.go:428.3,428.21 1 1
ash/install.go:428.21,430.4 1 0
ash/install.go:431.3,432.72 2 1
ash/install.go:432.72,434.4 1 0
ash/install.go:437.2,437.12 1 1
ash/install.go:441.44,443.16 2 1
ash/install.go:443.16,445.3 1 0
ash/install.go:446.2,446.48 1 1
ash/install.go:446.48,448.3 1 0
ash/install.go:450.2,450.46 1 1
ash/install.go:450.46,452.3 1 0
ash/install.go:454.2,454.86 1 1
ash/install.go:454.86,455.21 1 1
ash/install.go:455.21,457.4 1 0
ash/install.go:458.3,458.19 1 1
ash/install.go:458.19,460.4 1 1
ash/install.go:462.3,463.17 2 1
ash/install.go:463.17,465.4 1 0
ash/install.go:466.3,467.31 2 1
ash/install.go:467.31,469.4 1 0
ash/install.go:471.3,471.16 1 1
ash/install.go:471.16,474.4 1 1
ash/install.go:475.3,475.23 1 1
ash/install.go:475.23,478.4 1 1
ash/install.go:479.3,479.13 1 0
ash/install.go:484.81,485.33 1 1
ash/install.go:485.33,486.18 1 1
ash/install.go:487.20,488.17 1 1
ash/install.go:489.18,491.22 2 1
ash/install.go:491.22,493.5 1 1
ash/install.go:494.4,494.59 1 1
ash/install.go:495.11,496.73 1 1
ash/install.go:499.2,499.31 1 1
ash/install.go:503.47,505.14 2 1
ash/install.go:506.21,507.14 1 1
ash/install.go:508.10,509.12 1 0
ash/install.go:514.55,516.16 2 1
ash/install.go:516.16,518.3 1 0
ash/install.go:520.2,520.19 1 1
ash/install.go:521.14,522.45 1 1
ash/install.go:523.13,524.44 1 1
ash/install.go:525.10,526.82 1 0
ash/install.go:531.52,533.36 2 1
ash/install.go:533.36,535.3 1 1
ash/install.go:536.2,536.16 1 1
ash/install.go:536.16,538.3 1 0
ash/install.go:539.2,539.29 1 1
ash/install.go:543.56,544.20 1 1
ash/install.go:544.20,546.3 1 1
ash/install.go:548.2,549.39 2 0
ash/install.go:549.39,551.3 1 0
ash/install.go:552.2,553.16 2 0
ash/install.go:557.64,559.15 2 1
ash/install.go:559.15,561.3 1 1
ash/install.go:562.2,563.16 2 1
ash/install.go:563.16,565.3 1 0
ash/install.go:566.2,567.33 2 1
ash/install.go:571.72,573.15 2 1
ash/install.go:573.15,575.3 1 0
ash/install.go:576.2,577.16 2 1
ash/install.go:577.16,579.3 1 0
ash/install.go:580.2,588.54 7 1
ash/install.go:588.54,590.3 1 0
ash/install.go:591.2,593.37 3 1
ash/install.go:593.37,596.3 2 0
ash/install.go:597.2,597.25 1 1
ash/install.go:601.46,603.21 2 1
ash/install.go:603.21,605.3 1 0
ash/install.go:607.2,607.25 1 1
ash/install.go:607.25,609.17 2 1
ash/install.go:609.17,611.4 1 1
ash/install.go:612.3,612.26 1 1
ash/install.go:612.26,614.4 1 1
ash/install.go:617.2,618.16 2 1
ash/install.go:618.16,620.3 1 0
ash/install.go:622.2,623.16 2 1
ash/install.go:623.16,625.3 1 0
ash/install.go:627.2,628.61 2 1
ash/install.go:628.61,629.65 1 1
ash/install.go:629.65,631.4 1 1
ash/install.go:632.3,632.111 1 1
ash/install.go:635.2,635.107 1 1
ash/install.go:639.54,641.16 2 1
ash/install.go:641.16,643.3 1 1
ash/install.go:645.2,647.16 3 1
ash/install.go:647.16,649.3 1 0
ash/install.go:650.2,650.59 1 1
ash/install.go:650.59,652.3 1 1
ash/install.go:654.2,655.16 2 1
ash/install.go:655.16,657.3 1 0
ash/install.go:658.2,658.48 1 1
ash/install.go:658.48,659.37 1 1
ash/install.go:659.37,661.4 1 1
ash/install.go:662.3,662.20 1 0
ash/install.go:665.2,665.18 1 1
ash/install.go:669.58,671.19 2 1
ash/install.go:672.14,673.29 1 1
ash/install.go:674.13,675.28 1 1
ash/install.go:676.10,677.12 1 0
ash/install.go:680.2,684.22 1 1
ash/install.go:688.64,690.16 2 1
ash/install.go:690.16,692.3 1 0
ash/install.go:694.2,695.19 2 1
ash/install.go:696.14,697.27 1 1
ash/install.go:698.13,699.26 1 1
ash/install.go:700.10,701.59 1 0
ash/install.go:703.2,703.43 1 1
ash/install.go:707.87,709.19 2 1
ash/install.go:709.19,711.3 1 0
ash/install.go:713.2,714.16 2 1
ash/install.go:714.16,716.3 1 0
ash/install.go:717.2,717.12 1 1
ash/install.go:717.12,720.3 2 1
ash/install.go:722.2,722.62 1 1
ash/install.go:722.62,724.3 1 0
ash/install.go:725.2,725.55 1 1
ash/install.go:729.87,730.25 1 1
ash/install.go:730.25,732.3 1 1
ash/install.go:733.2,734.16 2 1
ash/install.go:734.16,736.3 1 0
ash/install.go:737.2,741.16 4 1
ash/install.go:741.16,743.3 1 0
ash/install.go:744.2,744.38 1 1
ash/install.go:744.38,746.3 1 1
ash/install.go:748.2,748.12 1 1
ash/install.go:748.12,751.3 2 0
ash/install.go:753.2,754.56 2 1
ash/install.go:754.56,756.3 1 0
ash/install.go:757.2,758.57 2 1
ash/install.go:762.52,763.19 1 1
ash/install.go:764.14,932.22 1 1
ash/install.go:933.13,1085.22 1 1
ash/install.go:1086.10,1087.12 1 0
ash/runner.go:32.138,41.33 8 1
ash/runner.go:41.33,45.30 4 1
ash/runner.go:45.30,47.4 1 0
ash/runner.go:47.9,50.4 2 1
ash/runner.go:52.3,53.17 2 1
ash/runner.go:53.17,55.4 1 1
ash/runner.go:57.3,58.46 2 1
ash/runner.go:58.46,60.4 1 0
ash/runner.go:61.3,61.38 1 1
ash/runner.go:61.38,62.60 1 1
ash/runner.go:62.60,64.5 1 1
ash/runner.go:65.4,65.52 1 1
ash/runner.go:65.52,68.5 2 1
ash/runner.go:70.3,72.36 2 1
ash/runner.go:72.36,74.39 2 1
ash/runner.go:74.39,76.5 1 1
ash/runner.go:76.10,78.5 1 1
ash/runner.go:80.4,80.89 1 1
ash/runner.go:80.89,87.13 4 1
ash/runner.go:90.4,90.102 1 1
ash/runner.go:90.102,95.13 2 1
ash/runner.go:97.4,97.43 1 1
ash/runner.go:100.3,102.20 2 1
ash/runner.go:102.20,104.4 1 0
ash/runner.go:106.3,107.44 2 1
ash/runner.go:107.44,113.33 6 1
ash/runner.go:113.33,115.5 1 0
ash/runner.go:116.4,122.6 3 1
ash/runner.go:126.2,126.59 1 0
ash/runner.go:130.92,131.21 1 1
ash/runner.go:131.21,133.3 1 0
ash/runner.go:134.2,135.17 2 1
ash/runner.go:135.17,137.3 1 0
ash/runner.go:139.2,140.33 2 1
ash/runner.go:140.33,141.38 1 1
ash/runner.go:141.38,143.4 1 1
ash/runner.go:146.2,147.101 2 1
ash/runner.go:147.101,149.3 1 0
ash/runner.go:151.2,151.14 1 1
ash/runner.go:155.69,157.22 2 1
ash/runner.go:157.22,159.3 1 0
ash/runner.go:161.2,162.21 2 1
ash/runner.go:162.21,164.3 1 1
ash/runner.go:166.2,166.14 1 1
ash/runner.go:166.14,168.3 1 0
ash/runner.go:170.2,171.29 2 1
ash/runner.go:171.29,173.17 2 1
ash/runner.go:173.17,174.12 1 0
ash/runner.go:176.3,181.24 2 1
ash/runner.go:181.24,182.9 1 0
ash/runner.go:186.2,186.21 1 1
ash/runner.go:186.21,188.3 1 0
ash/runner.go:190.2,190.14 1 1
ash/runner.go:194.126,195.17 1 1
ash/runner.go:195.17,197.3 1 0
ash/runner.go:199.2,205.21 6 1
ash/runner.go:205.21,207.3 1 0
ash/runner.go:207.8,208.30 1 1
ash/runner.go:208.30,210.44 2 1
ash/runner.go:210.44,213.5 2 1
ash/runner.go:214.4,214.23 1 1
ash/runner.go:218.2,219.26 2 1
ash/runner.go:219.26,221.3 1 1
ash/runner.go:222.2,223.22 2 1
ash/runner.go:223.22,225.3 1 1
ash/runner.go:225.8,226.30 1 1
ash/runner.go:226.30,228.15 2 1
ash/runner.go:228.15,230.5 1 1
ash/runner.go:231.4,231.121 1 1
ash/runner.go:235.2,237.53 2 1
ash/runner.go:241.62,243.68 2 1
ash/runner.go:243.68,245.3 1 0
ash/runner.go:247.2,248.19 2 1
ash/runner.go:248.19,250.3 1 0
ash/runner.go:251.2,251.19 1 1
ash/runner.go:251.19,253.3 1 0
ash/runner.go:254.2,254.19 1 1
ash/runner.go:254.19,256.3 1 0
ash/runner.go:258.2,258.51 1 1
ash/runner.go:258.51,260.3 1 1
ash/runner.go:262.2,266.3 1 1
ash/runner.go:270.52,271.23 1 1
ash/runner.go:271.23,272.43 1 1
ash/runner.go:272.43,275.4 2 1
ash/runner.go:280.86,281.23 1 1
ash/runner.go:281.23,282.83 1 1
ash/runner.go:282.83,283.12 1 1
ash/runner.go:285.3,286.21 2 1
ash/runner.go:286.21,288.4 1 1
ash/runner.go:288.9,290.4 1 0
ash/runner.go:291.3,291.9 1 1
ash/runner.go:296.59,297.29 1 1
ash/runner.go:297.29,298.75 1 1
ash/runner.go:298.75,300.4 1 1
ash/runner.go:302.2,302.14 1 1
ash/support.go:65.74,65.121 1 1
ash/support.go:72.65,74.3 1 1
ash/support.go:84.13,85.37 1 1
ash/support.go:85.37,89.3 3 1
ash/support.go:93.35,95.13 2 1
ash/support.go:96.41,97.14 1 1
ash/support.go:98.10,99.15 1 1
ash/support.go:104.30,108.30 3 1
ash/support.go:108.30,110.3 1 1
ash/support.go:112.2,113.19 2 1
ash/support.go:113.19,115.17 2 0
ash/support.go:115.17,118.4 2 0
ash/support.go:119.3,119.25 1 0
ash/support.go:122.2,123.73 2 1
ash/support.go:123.73,124.77 1 1
ash/support.go:124.77,126.4 1 1
ash/support.go:129.2,130.16 2 1
ash/support.go:130.16,132.3 1 0
ash/support.go:134.2,135.94 2 1
ash/support.go:139.44,140.30 1 1
ash/support.go:140.30,142.3 1 1
ash/support.go:143.2,143.24 1 1
ash/support.go:143.24,145.3 1 0
ash/support.go:146.2,147.22 2 1
ash/support.go:147.22,155.17 3 1
ash/support.go:155.17,158.4 2 0
ash/support.go:159.3,160.9 2 1
ash/support.go:162.2,162.62 1 1
ash/support.go:174.102,175.35 1 1
ash/support.go:175.35,177.3 1 0
ash/support.go:178.2,178.19 1 1
ash/support.go:178.19,180.3 1 0
ash/support.go:181.2,181.62 1 1
ash/support.go:181.62,183.3 1 0
ash/support.go:184.2,185.45 2 1
ash/support.go:185.45,187.3 1 0
ash/support.go:188.2,188.20 1 1
ash/support.go:192.67,196.19 3 1
ash/support.go:196.19,197.41 1 0
ash/support.go:197.41,199.4 1 0
ash/support.go:202.2,202.71 1 1
ash/support.go:202.71,203.43 1 1
ash/support.go:203.43,205.4 1 0
ash/support.go:208.2,210.15 3 1
ash/support.go:214.58,216.16 2 1
ash/support.go:216.16,218.3 1 0
ash/support.go:219.2,220.16 2 1
ash/support.go:220.16,223.3 2 0
ash/support.go:224.2,226.44 3 1
ash/support.go:226.44,228.3 1 0
ash/support.go:229.2,229.12 1 1
ash/support.go:233.60,234.19 1 1
ash/support.go:234.19,237.3 2 1
ash/support.go:238.2,240.43 3 1
ash/support.go:240.43,241.55 1 1
ash/support.go:241.55,243.4 1 0
ash/support.go:245.2,246.16 2 1
ash/support.go:246.16,248.3 1 0
ash/support.go:249.2,251.12 3 1
ash/support.go:255.40,257.16 2 1
ash/support.go:257.16,259.3 1 0
ash/support.go:260.2,260.24 1 1
ash/support.go:264.62,266.30 2 1
ash/support.go:266.30,268.3 1 1
ash/support.go:269.2,270.12 2 1
ash/support.go:274.55,275.24 1 1
ash/support.go:275.24,277.3 1 0
ash/support.go:278.2,278.34 1 1
ash/support.go:278.34,280.3 1 1
ash/support.go:281.2,281.44 1 0
ash/support.go:285.39,286.45 1 1
ash/support.go:286.45,288.3 1 0
ash/support.go:290.2,291.16 2 1
ash/support.go:291.16,293.3 1 1
ash/support.go:294.2,295.54 2 1
ash/support.go:295.54,297.3 1 0
ash/support.go:299.2,300.16 2 1
ash/support.go:300.16,302.3 1 0
ash/support.go:304.2,305.26 2 1
ash/support.go:305.26,307.3 1 1
ash/support.go:309.2,309.49 1 1
ash/support.go:313.32,316.2 2 1
ash/support.go:319.60,320.32 1 1
ash/support.go:320.32,322.3 1 0
ash/support.go:323.2,324.16 2 1
ash/support.go:324.16,326.3 1 1
ash/support.go:327.2,329.16 3 1
ash/support.go:329.16,331.3 1 1
ash/support.go:333.2,335.32 3 1
ash/support.go:335.32,336.32 1 1
ash/support.go:336.32,338.4 1 0
ash/support.go:339.3,339.61 1 1
ash/support.go:339.61,340.12 1 0
ash/support.go:342.3,343.21 2 1
ash/support.go:343.21,344.12 1 0
ash/support.go:346.3,346.35 1 1
ash/support.go:346.35,347.12 1 1
ash/support.go:349.3,349.57 1 0
ash/support.go:354.52,356.36 2 1
ash/support.go:356.36,358.3 1 1
ash/support.go:359.2,359.16 1 1
ash/support.go:359.16,361.3 1 1
ash/support.go:363.2,364.55 2 1
ash/support.go:364.55,366.3 1 1
ash/support.go:367.2,367.31 1 1
ash/support.go:367.31,369.3 1 1
ash/support.go:371.2,371.18 1 1
ash/support.go:375.55,377.16 2 1
ash/support.go:377.16,379.3 1 0
ash/support.go:381.2,381.42 1 1
ash/support.go:385.65,388.19 3 1
ash/support.go:388.19,390.3 1 1
ash/support.go:391.2,391.34 1 1
ash/support.go:395.48,417.27 3 1
ash/support.go:417.27,419.18 2 1
ash/support.go:419.18,420.12 1 1
ash/support.go:422.3,422.19 1 1
ash/support.go:424.2,424.12 1 1
ash/support.go:428.49,430.52 2 1
ash/support.go:430.52,431.56 1 0
ash/support.go:431.56,433.4 1 0
ash/support.go:435.2,436.49 2 1
ash/support.go:436.49,438.3 1 1
ash/support.go:439.2,439.50 1 1
ash/support.go:439.50,440.94 1 1
ash/support.go:440.94,442.4 1 1
ash/support.go:442.9,444.4 1 0
ash/support.go:446.2,446.52 1 1
ash/support.go:446.52,448.3 1 1
ash/support.go:449.2,449.55 1 1
ash/support.go:449.55,451.3 1 1
ash/support.go:452.2,452.12 1 1
ash/support.go:456.73,458.2 1 1
ash/support.go:461.103,463.25 2 1
ash/support.go:463.25,465.3 1 0
ash/support.go:466.2,466.34 1 1
ash/support.go:466.34,468.17 2 1
ash/support.go:468.17,470.4 1 0
ash/support.go:471.3,471.16 1 1
ash/support.go:473.2,474.16 2 1
ash/support.go:474.16,476.3 1 0
ash/support.go:478.2,480.23 3 1
ash/support.go:480.23,482.3 1 1
ash/support.go:483.2,485.30 3 1
ash/support.go:485.30,487.3 1 1
ash/support.go:488.2,489.26 2 1
ash/support.go:489.26,491.3 1 1
ash/support.go:492.2,493.41 2 1
ash/support.go:497.38,498.17 1 1
ash/support.go:498.17,500.3 1 0
ash/support.go:501.2,501.60 1 1
ash/support.go:505.65,507.16 2 1
ash/support.go:507.16,509.3 1 1
ash/support.go:510.2,510.67 1 1
ash/support.go:514.93,516.16 2 1
ash/support.go:516.16,518.3 1 0
ash/support.go:519.2,520.21 2 1
ash/support.go:520.21,522.3 1 0
ash/support.go:523.2,523.21 1 1
ash/support.go:523.21,525.3 1 1
ash/support.go:526.2,526.93 1 1
ash/support.go:530.53,532.15 2 1
ash/support.go:532.15,534.3 1 1
ash/support.go:535.2,536.21 2 1
ash/support.go:536.21,538.3 1 0
ash/support.go:539.2,539.23 1 1
ash/support.go:543.40,544.65 1 1
ash/support.go:544.65,546.3 1 1
ash/support.go:548.2,549.16 2 0
ash/support.go:549.16,551.3 1 0
ash/support.go:552.2,552.63 1 0
ash/support.go:552.63,554.3 1 0
ash/support.go:555.2,555.23 1 0
ash/support.go:559.42,561.42 2 0
ash/support.go:561.42,563.3 1 0
ash/support.go:564.2,564.37 1 0
ash/support.go:568.110,570.25 2 0
ash/support.go:570.25,572.3 1 0
ash/support.go:573.2,573.34 1 0
ash/support.go:573.34,575.17 2 0
ash/support.go:575.17,577.4 1 0
ash/support.go:578.3,578.16 1 0
ash/support.go:580.2,581.16 2 0
ash/support.go:581.16,583.3 1 0
ash/support.go:584.2,585.16 2 0
ash/support.go:585.16,587.3 1 0
ash/support.go:588.2,593.37 6 0
ash/support.go:597.129,599.23 2 0
ash/support.go:599.23,601.3 1 0
ash/support.go:602.2,613.34 11 0
ash/support.go:613.34,615.3 1 0
ash/support.go:616.2,619.30 4 0
ash/support.go:619.30,622.3 2 0
ash/support.go:623.2,638.19 16 0
ash/support.go:642.78,644.19 2 1
ash/support.go:644.19,646.3 1 0
ash/support.go:648.2,650.76 3 1
ash/support.go:650.76,653.17 3 1
ash/support.go:653.17,655.4 1 1
ash/support.go:656.3,656.28 1 1
ash/support.go:656.28,658.4 1 0
ash/support.go:659.3,659.24 1 1
ash/support.go:662.2,662.66 1 1
ash/support.go:662.66,663.25 1 1
ash/support.go:663.25,665.4 1 0
ash/support.go:666.3,666.40 1 1
ash/support.go:669.2,670.33 2 0
ash/support.go:670.33,671.87 1 0
ash/support.go:671.87,672.26 1 0
ash/support.go:672.26,674.5 1 0
ash/support.go:675.4,675.22 1 0
ash/support.go:679.2,679.124 1 0
ash/support.go:683.83,684.17 1 1
ash/support.go:684.17,686.3 1 1
ash/support.go:688.2,688.14 1 1
ash/support.go:689.27,690.59 1 0
ash/support.go:691.27,692.59 1 1
ash/support.go:693.23,694.57 1 0
ash/support.go:695.21,696.40 1 0
ash/support.go:697.23,698.42 1 0
ash/support.go:699.10,700.58 1 0
ash/support.go:705.37,714.2 2 0
ash/support.go:717.55,719.19 2 1
ash/support.go:719.19,721.3 1 0
ash/support.go:723.2,724.40 2 1
ash/support.go:724.40,726.3 1 1
ash/support.go:728.2,729.76 2 1
ash/support.go:729.76,731.3 1 1
ash/support.go:733.2,734.71 2 1
ash/support.go:734.71,736.3 1 1
ash/support.go:738.2,738.16 1 1
ash/support.go:742.73,743.29 1 0
ash/support.go:743.29,745.3 1 0
ash/support.go:746.2,747.9 2 0
ash/support.go:747.9,749.3 1 0
ash/support.go:750.2,750.36 1 0
ash/support.go:754.42,755.35 1 0
ash/support.go:755.35,757.3 1 0
ash/support.go:758.2,758.34 1 0
ash/support.go:758.34,760.69 2 0
ash/support.go:760.69,762.4 1 0
ash/support.go:763.3,763.46 1 0
ash/support.go:765.2,766.21 2 0
ash/support.go:766.21,768.3 1 0
ash/support.go:769.2,769.12 1 0
ash/support.go:773.109,775.33 2 1
ash/support.go:775.33,777.3 1 0
ash/support.go:778.2,788.16 3 1
ash/support.go:788.16,790.3 1 0
ash/support.go:791.2,792.16 2 1
ash/support.go:792.16,794.3 1 0
ash/support.go:795.2,795.24 1 1
ash/support.go:799.90,801.16 2 1
ash/support.go:801.16,803.3 1 0
ash/support.go:804.2,805.96 2 1
ash/support.go:809.53,811.19 2 0
ash/support.go:811.19,813.3 1 0
ash/support.go:814.2,814.37 1 0
ash/support.go:818.71,821.29 3 1
ash/support.go:821.29,823.14 2 1
ash/support.go:823.14,824.12 1 1
ash/support.go:826.3,828.21 3 1
ash/support.go:828.21,829.12 1 0
ash/support.go:831.3,834.17 4 1
ash/support.go:834.17,836.4 1 0
ash/support.go:837.3,838.56 2 1
ash/support.go:838.56,840.4 1 0
ash/support.go:841.3,841.20 1 1
ash/support.go:841.20,843.4 1 0
ash/support.go:844.3,845.14 2 1
ash/support.go:845.14,847.4 1 1
ash/support.go:848.3,848.94 1 1
ash/support.go:850.2,850.21 1 1
ash/support.go:854.91,855.30 1 0
ash/support.go:855.30,856.24 1 0
ash/support.go:856.24,858.4 1 0
ash/support.go:860.2,860.36 1 0
ash/support.go:864.71,869.29 5 0
ash/support.go:869.29,870.37 1 0
ash/support.go:870.37,872.12 2 0
ash/support.go:874.3,874.36 1 0
ash/support.go:874.36,875.12 1 0
ash/support.go:877.3,877.28 1 0
ash/support.go:879.2,879.20 1 0
ash/support.go:879.20,881.3 1 0
ash/support.go:882.2,882.49 1 0
ash/support.go:886.70,890.29 4 0
ash/support.go:890.29,891.37 1 0
ash/support.go:891.37,893.12 2 0
ash/support.go:895.3,895.36 1 0
ash/support.go:895.36,896.12 1 0
ash/support.go:898.3,898.34 1 0
ash/support.go:900.2,900.23 1 0
ash/support.go:900.23,902.3 1 0
ash/support.go:903.2,903.43 1 0
ash/support.go:907.62,909.15 2 0
ash/support.go:909.15,911.3 1 0
ash/support.go:912.2,913.46 2 0
ash/support.go:913.46,915.3 1 0
ash/support.go:916.2,916.78 1 0
ash/support.go:920.74,922.2 1 0
ash/support.go:925.149,930.17 4 0
ash/support.go:930.17,932.3 1 0
ash/support.go:934.2,946.16 7 0
ash/support.go:946.16,949.3 2 0
ash/support.go:951.2,952.30 2 0
ash/support.go:952.30,956.3 3 0
ash/support.go:957.2,957.59 1 0
ash/support.go:957.59,961.3 3 0
ash/support.go:962.2,964.15 3 0
ash/support.go:968.40,970.16 2 1
ash/support.go:970.16,972.3 1 1
ash/support.go:973.2,973.54 1 1
ash/support.go:977.91,979.22 2 1
ash/support.go:979.22,981.3 1 0
ash/support.go:983.2,983.32 1 1
ash/support.go:983.32,985.20 2 0
ash/support.go:985.20,987.4 1 0
ash/support.go:988.3,988.85 1 0
ash/support.go:988.85,990.4 1 0
ash/support.go:991.3,991.52 1 0
ash/support.go:994.2,997.19 4 1
ash/support.go:997.19,999.3 1 0
ash/support.go:1000.2,1000.84 1 1
ash/support.go:1000.84,1002.3 1 1
ash/support.go:1003.2,1003.46 1 1
ash/support.go:1007.68,1008.52 1 1
ash/support.go:1008.52,1010.3 1 0
ash/support.go:1012.2,1014.59 3 1
ash/support.go:1014.59,1016.22 2 0
ash/support.go:1016.22,1018.50 2 0
ash/support.go:1018.50,1019.13 1 0
ash/support.go:1021.4,1022.23 2 0
ash/support.go:1022.23,1023.13 1 0
ash/support.go:1025.4,1025.70 1 0
ash/support.go:1027.3,1027.39 1 0
ash/support.go:1027.39,1029.4 1 0
ash/support.go:1030.8,1030.44 1 1
ash/support.go:1030.44,1032.3 1 0
ash/support.go:1034.2,1036.27 3 1
ash/support.go:1036.27,1038.3 1 1
ash/support.go:1039.2,1042.27 3 1
ash/support.go:1042.27,1047.3 4 1
ash/support.go:1048.2,1048.62 1 1
ash/support.go:1052.126,1070.16 10 1
ash/support.go:1070.16,1073.3 2 0
ash/support.go:1075.2,1076.30 2 1
ash/support.go:1076.30,1080.3 3 1
ash/support.go:1082.2,1082.59 1 0
ash/support.go:1082.59,1086.3 3 0
ash/support.go:1088.2,1090.15 3 0
ash/support.go:1094.58,1095.35 1 1
ash/support.go:1095.35,1097.3 1 1
ash/support.go:1098.2,1098.42 1 0
ash/support.go:1102.44,1104.9 2 1
ash/support.go:1104.9,1106.3 1 0
ash/support.go:1107.2,1107.16 1 1
ash/support.go:1111.52,1112.18 1 1
ash/support.go:1112.18,1114.3 1 1
ash/support.go:1116.2,1117.9 2 1
ash/support.go:1117.9,1119.3 1 0
ash/support.go:1121.2,1122.27 2 1
ash/support.go:1122.27,1124.10 2 1
ash/support.go:1124.10,1126.4 1 0
ash/support.go:1127.3,1127.14 1 1
ash/support.go:1127.14,1128.12 1 1
ash/support.go:1130.3,1130.23 1 1
ash/support.go:1133.2,1133.17 1 1
ash/support.go:1137.41,1139.2 1 1
ash/support.go:1142.45,1145.2 2 1
ash/support.go:1148.49,1154.12 5 1
ash/support.go:1154.12,1160.7 5 1
ash/support.go:1160.7,1164.11 3 1
ash/support.go:1165.16,1167.11 2 1
ash/support.go:1168.20,1168.20 0 1
ash/support.go:1173.2,1173.16 1 1
ash/support.go:1173.16,1174.18 1 1
ash/support.go:1174.18,1177.4 2 1
ash/support.go:1182.65,1187.16 2 1
ash/support.go:1187.16,1189.3 1 1
ash/support.go:1191.2,1191.34 1 1
ash/support.go:1195.47,1197.16 2 1
ash/support.go:1197.16,1199.3 1 1
ash/support.go:1201.2,1201.46 1 1
ash/support.go:1205.55,1208.2 2 1
ash/tools.go:23.53,26.22 3 1
ash/tools.go:26.22,28.3 1 1
ash/tools.go:30.2,236.3 1 1
ash/tools.go:240.95,243.14 2 1
ash/tools.go:244.26,245.40 1 1
ash/tools.go:246.32,247.36 1 1
ash/tools.go:248.32,249.49 1 0
ash/tools.go:250.35,251.52 1 0
ash/tools.go:252.31,253.48 1 0
ash/tools.go:254.33,255.41 1 1
ash/tools.go:256.34,257.42 1 1
ash/tools.go:258.10,259.86 1 0
ash/tools.go:262.2,263.16 2 1
ash/tools.go:263.16,265.3 1 0
ash/tools.go:267.2,267.24 1 1
ash/tools.go:271.100,273.9 2 1
ash/tools.go:273.9,275.3 1 0
ash/tools.go:277.2,278.22 2 1
ash/tools.go:278.22,280.3 1 0
ash/tools.go:282.2,286.23 4 1
ash/tools.go:286.23,288.3 1 0
ash/tools.go:290.2,290.54 1 1
ash/tools.go:290.54,292.3 1 1
ash/tools.go:294.2,295.16 2 1
ash/tools.go:295.16,297.3 1 0
ash/tools.go:298.2,300.27 2 1
ash/tools.go:300.27,301.29 1 1
ash/tools.go:301.29,303.4 1 1
ash/tools.go:306.2,306.84 1 1
ash/tools.go:310.96,312.42 2 1
ash/tools.go:312.42,314.3 1 0
ash/tools.go:316.2,317.16 2 1
ash/tools.go:317.16,319.3 1 0
ash/tools.go:321.2,321.27 1 1
ash/tools.go:321.27,322.29 1 0
ash/tools.go:322.29,324.4 1 0
ash/tools.go:327.2,328.88 2 1
ash/tools.go:332.109,334.44 2 0
ash/tools.go:334.44,336.3 1 0
ash/tools.go:337.2,338.42 2 0
ash/tools.go:338.42,340.3 1 0
ash/tools.go:341.2,342.16 2 0
ash/tools.go:342.16,344.3 1 0
ash/tools.go:346.2,347.16 2 0
ash/tools.go:347.16,349.3 1 0
ash/tools.go:351.2,352.16 2 0
ash/tools.go:352.16,354.3 1 0
ash/tools.go:355.2,355.67 1 0
ash/tools.go:355.67,357.3 1 0
ash/tools.go:358.2,358.76 1 0
ash/tools.go:358.76,360.3 1 0
ash/tools.go:362.2,364.16 3 0
ash/tools.go:364.16,366.3 1 0
ash/tools.go:368.2,369.15 2 0
ash/tools.go:373.112,375.44 2 0
ash/tools.go:375.44,377.3 1 0
ash/tools.go:379.2,380.9 2 0
ash/tools.go:380.9,382.3 1 0
ash/tools.go:383.2,384.51 2 0
ash/tools.go:384.51,386.3 1 0
ash/tools.go:388.2,389.16 2 0
ash/tools.go:389.16,391.3 1 0
ash/tools.go:392.2,393.16 2 0
ash/tools.go:393.16,395.3 1 0
ash/tools.go:397.2,398.16 2 0
ash/tools.go:398.16,400.3 1 0
ash/tools.go:402.2,403.16 2 0
ash/tools.go:403.16,405.3 1 0
ash/tools.go:406.2,408.21 3 0
ash/tools.go:408.21,410.3 1 0
ash/tools.go:411.2,412.20 2 0
ash/tools.go:416.108,418.9 2 0
ash/tools.go:418.9,420.3 1 0
ash/tools.go:421.2,424.16 3 0
ash/tools.go:424.16,426.3 1 0
ash/tools.go:427.2,428.16 2 0
ash/tools.go:428.16,430.3 1 0
ash/tools.go:432.2,432.16 1 0
ash/tools.go:433.14,435.95 2 0
ash/tools.go:436.17,439.15 3 0
ash/tools.go:439.15,441.25 2 0
ash/tools.go:441.25,443.5 1 0
ash/tools.go:443.10,444.33 1 0
ash/tools.go:444.33,446.6 1 0
ash/tools.go:448.4,448.113 1 0
ash/tools.go:450.3,451.13 2 0
ash/tools.go:451.13,453.4 1 0
ash/tools.go:454.3,459.4 1 0
ash/tools.go:460.16,463.15 3 0
ash/tools.go:463.15,465.4 1 0
ash/tools.go:466.3,467.15 2 0
ash/tools.go:467.15,469.4 1 0
ash/tools.go:470.3,471.17 2 0
ash/tools.go:471.17,473.4 1 0
ash/tools.go:474.3,475.16 2 0
ash/tools.go:476.16,479.15 3 0
ash/tools.go:479.15,481.4 1 0
ash/tools.go:482.3,483.13 2 0
ash/tools.go:483.13,485.4 1 0
ash/tools.go:487.3,487.39 1 0
ash/tools.go:487.39,489.11 2 0
ash/tools.go:489.11,491.5 1 0
ash/tools.go:492.4,493.50 2 0
ash/tools.go:493.50,495.5 1 0
ash/tools.go:496.4,496.25 1 0
ash/tools.go:498.3,498.39 1 0
ash/tools.go:498.39,500.45 2 0
ash/tools.go:500.45,502.5 1 0
ash/tools.go:503.4,503.46 1 0
ash/tools.go:505.3,505.33 1 0
ash/tools.go:505.33,507.11 2 0
ash/tools.go:507.11,509.5 1 0
ash/tools.go:510.4,510.43 1 0
ash/tools.go:512.3,512.41 1 0
ash/tools.go:512.41,514.11 2 0
ash/tools.go:514.11,516.5 1 0
ash/tools.go:517.4,517.47 1 0
ash/tools.go:520.3,521.17 2 0
ash/tools.go:521.17,523.4 1 0
ash/tools.go:524.3,525.17 2 0
ash/tools.go:525.17,527.4 1 0
ash/tools.go:528.3,530.17 3 0
ash/tools.go:530.17,532.4 1 0
ash/tools.go:533.3,534.16 2 0
ash/tools.go:535.10,536.120 1 0
ash/tools.go:541.85,543.41 2 1
ash/tools.go:543.41,545.3 1 0
ash/tools.go:546.2,547.16 2 1
ash/tools.go:547.16,549.3 1 0
ash/tools.go:550.2,551.16 2 1
ash/tools.go:551.16,553.3 1 0
ash/tools.go:555.2,556.16 2 1
ash/tools.go:556.16,558.3 1 0
ash/tools.go:560.2,560.147 1 1
ash/tools.go:564.86,566.41 2 1
ash/tools.go:566.41,568.3 1 0
ash/tools.go:569.2,570.9 2 1
ash/tools.go:570.9,572.3 1 0
ash/tools.go:573.2,574.45 2 1
ash/tools.go:574.45,576.3 1 0
ash/tools.go:578.2,579.16 2 1
ash/tools.go:579.16,581.3 1 0
ash/tools.go:582.2,582.48 1 1
ash/tools.go:582.48,584.3 1 0
ash/tools.go:585.2,586.16 2 1
ash/tools.go:586.16,588.3 1 1
ash/tools.go:590.2,590.70 1 1
ash/tools.go:590.70,592.3 1 0
ash/tools.go:593.2,593.74 1 1
ash/tools.go:593.74,595.3 1 0
ash/tools.go:596.2,596.92 1 1
ash/tools.go:596.92,598.3 1 0
ash/tools.go:600.2,600.128 1 1
